// Jest Snapshot v1, https://goo.gl/fbAQLP

exports[`Home matches snapshot 1`] = `
<div>
  <h1>
    Learn Club - React
  </h1>
  <Counter />
  <PeopleList />
</div>
`;
