// Jest Snapshot v1, https://goo.gl/fbAQLP

exports[`Home matches snapshot 1`] = `
<div>
  <PeopleList
    error={null}
    loading={true}
    people={Array []}
  />
</div>
`;
