// Jest Snapshot v1, https://goo.gl/fbAQLP

exports[`Counter matches snapshot 1`] = `
<header>
  <Logo>
    âš›
  </Logo>
  <h1>
    Learn Club - React
  </h1>
</header>
`;
