// Jest Snapshot v1, https://goo.gl/fbAQLP

exports[`Button matches snapshot 1`] = `
<Button
  apperence="primary"
  className="increment"
>
  Button
</Button>
`;
